// Jest Snapshot v1, https://goo.gl/fbAQLP

exports[`superpal (no args) 1`] = `
Object {
  "blue": Object {
    "0": "#f0f8ff",
    "100": "#deedfe",
    "200": "#c3ddfe",
    "300": "#98c0fd",
    "400": "#5d96fa",
    "500": "#1b61d9",
    "600": "#0c3f95",
    "700": "#052762",
    "800": "#051b43",
    "900": "#041029",
  },
  "cyan": Object {
    "0": "#e0fefd",
    "100": "#b5fafd",
    "200": "#74f0fb",
    "300": "#33d3f5",
    "400": "#17a8d1",
    "500": "#0b7693",
    "600": "#054e62",
    "700": "#02313f",
    "800": "#02222c",
    "900": "#02141b",
  },
  "fuchsia": Object {
    "0": "#fdf3fb",
    "100": "#fbe2f7",
    "200": "#f8c8f7",
    "300": "#dea3fc",
    "400": "#b86ffb",
    "500": "#8f1fda",
    "600": "#600c95",
    "700": "#3e0563",
    "800": "#2b0645",
    "900": "#190529",
  },
  "gray": Object {
    "0": "#f6f7f7",
    "100": "#e9ebed",
    "200": "#d7dadf",
    "300": "#babfc6",
    "400": "#9399a2",
    "500": "#656b73",
    "600": "#42464d",
    "700": "#292c31",
    "800": "#1c1e21",
    "900": "#101113",
  },
  "green": Object {
    "0": "#e8fee2",
    "100": "#c3febe",
    "200": "#7efb82",
    "300": "#44e15d",
    "400": "#38b54f",
    "500": "#277e37",
    "600": "#185322",
    "700": "#0c3513",
    "800": "#0a240e",
    "900": "#061507",
  },
  "indigo": Object {
    "0": "#f6f5ff",
    "100": "#e7e9fe",
    "200": "#d2d7fe",
    "300": "#aeb9fd",
    "400": "#7e8dfc",
    "500": "#4e4bee",
    "600": "#3224b1",
    "700": "#1e1476",
    "800": "#13124e",
    "900": "#0a0b2e",
  },
  "lime": Object {
    "0": "#ecfedb",
    "100": "#ccfda7",
    "200": "#99f84e",
    "300": "#6cde38",
    "400": "#4eb336",
    "500": "#367d25",
    "600": "#225316",
    "700": "#13350b",
    "800": "#0e2409",
    "900": "#071505",
  },
  "metadata": Object {
    "analogous30": Array [
      "indigo",
      "cyan",
    ],
    "analogous60": Array [
      "violet",
      "teal",
    ],
    "complementary": "orange",
    "input": "#60a5fa",
    "main": "blue",
  },
  "orange": Object {
    "0": "#fff5e8",
    "100": "#ffe7cc",
    "200": "#fed1a2",
    "300": "#fda962",
    "400": "#e47719",
    "500": "#a25107",
    "600": "#6c3403",
    "700": "#462001",
    "800": "#311502",
    "900": "#1e0c02",
  },
  "pink": Object {
    "0": "#fff3f7",
    "100": "#fee3ec",
    "200": "#fecadb",
    "300": "#fe9eb5",
    "400": "#fa537d",
    "500": "#c11351",
    "600": "#830734",
    "700": "#56031f",
    "800": "#3c0415",
    "900": "#25040b",
  },
  "red": Object {
    "0": "#fff4f3",
    "100": "#fee4e2",
    "200": "#fdcdc7",
    "300": "#fda398",
    "400": "#f85f53",
    "500": "#c12422",
    "600": "#821413",
    "700": "#550909",
    "800": "#3b0907",
    "900": "#240604",
  },
  "teal": Object {
    "0": "#e2ffef",
    "100": "#b6fed7",
    "200": "#5bfcb3",
    "300": "#2de090",
    "400": "#28b470",
    "500": "#1b7e4d",
    "600": "#0f5332",
    "700": "#07351e",
    "800": "#062414",
    "900": "#04150b",
  },
  "violet": Object {
    "0": "#faf4fe",
    "100": "#f1e5fe",
    "200": "#e4d0fe",
    "300": "#c5affe",
    "400": "#9d7ffd",
    "500": "#772def",
    "600": "#4f14a7",
    "700": "#32096f",
    "800": "#22094c",
    "900": "#13072e",
  },
  "yellow": Object {
    "0": "#f7fbd0",
    "100": "#eef578",
    "200": "#e4e336",
    "300": "#debd19",
    "400": "#c48e11",
    "500": "#955c08",
    "600": "#683803",
    "700": "#452101",
    "800": "#311502",
    "900": "#1e0c02",
  },
}
`;

exports[`superpal many args (hsl) 1`] = `
Object {
  "blue": Object {
    "0": "#f0f8ff",
    "100": "#dcecfe",
    "200": "#bfdafd",
    "300": "#8cb7fd",
    "400": "#4685fb",
    "500": "#0551e1",
    "600": "#033696",
    "700": "#02225f",
    "800": "#04183f",
    "900": "#040f25",
  },
  "cyan": Object {
    "0": "#f0fffe",
    "100": "#dcfdfe",
    "200": "#bff7fd",
    "300": "#8cd9fd",
    "400": "#46aafb",
    "500": "#057ee1",
    "600": "#035496",
    "700": "#02355f",
    "800": "#04243f",
    "900": "#041625",
  },
  "fuchsia": Object {
    "0": "#fff0fd",
    "100": "#fedcfc",
    "200": "#fdbffd",
    "300": "#e48cfd",
    "400": "#bc46fb",
    "500": "#9405e1",
    "600": "#630396",
    "700": "#3f025f",
    "800": "#2a043f",
    "900": "#190425",
  },
  "gray": Object {
    "0": "#f7f7f8",
    "100": "#ecedef",
    "200": "#dbdee1",
    "300": "#c0c3c9",
    "400": "#999ea8",
    "500": "#69707c",
    "600": "#464a53",
    "700": "#2c2f34",
    "800": "#1f2024",
    "900": "#131416",
  },
  "green": Object {
    "0": "#f1fff0",
    "100": "#dcfedd",
    "200": "#bffdc2",
    "300": "#8cfd95",
    "400": "#46fb56",
    "500": "#05e118",
    "600": "#039610",
    "700": "#025f0a",
    "800": "#043f09",
    "900": "#042507",
  },
  "indigo": Object {
    "0": "#f3f0ff",
    "100": "#dfdcfe",
    "200": "#c1bffd",
    "300": "#8d8cfd",
    "400": "#4648fb",
    "500": "#0507e1",
    "600": "#030596",
    "700": "#02035f",
    "800": "#04043f",
    "900": "#040525",
  },
  "lime": Object {
    "0": "#f7fff0",
    "100": "#ecfedc",
    "200": "#dafdbf",
    "300": "#b6fd8c",
    "400": "#84fb46",
    "500": "#4fe105",
    "600": "#359603",
    "700": "#225f02",
    "800": "#183f04",
    "900": "#0f2504",
  },
  "metadata": Object {
    "analogous30": Array [
      "indigo",
      "cyan",
    ],
    "analogous60": Array [
      "violet",
      "teal",
    ],
    "complementary": "orange",
    "input": "#60a5fa",
    "main": "blue",
  },
  "orange": Object {
    "0": "#fff9f0",
    "100": "#feefdc",
    "200": "#fddfbf",
    "300": "#fdb68c",
    "400": "#fb7a46",
    "500": "#e14305",
    "600": "#962d03",
    "700": "#5f1c02",
    "800": "#3f1404",
    "900": "#250d04",
  },
  "pink": Object {
    "0": "#fff0f7",
    "100": "#fedcec",
    "200": "#fdbfd9",
    "300": "#fd8cad",
    "400": "#fb466e",
    "500": "#e10535",
    "600": "#960323",
    "700": "#5f0216",
    "800": "#3f0411",
    "900": "#25040b",
  },
  "red": Object {
    "0": "#fff0f1",
    "100": "#fedddc",
    "200": "#fdc2bf",
    "300": "#fd948c",
    "400": "#fb5446",
    "500": "#e11605",
    "600": "#960f03",
    "700": "#5f0902",
    "800": "#3f0804",
    "900": "#250704",
  },
  "teal": Object {
    "0": "#f0fff8",
    "100": "#dcfeef",
    "200": "#bffde0",
    "300": "#8cfdc5",
    "400": "#46fb9d",
    "500": "#05e16e",
    "600": "#03964a",
    "700": "#025f2f",
    "800": "#043f20",
    "900": "#042514",
  },
  "violet": Object {
    "0": "#f9f0ff",
    "100": "#efdcfe",
    "200": "#dfbffd",
    "300": "#b88cfd",
    "400": "#7e46fb",
    "500": "#4805e1",
    "600": "#300396",
    "700": "#1e025f",
    "800": "#16043f",
    "900": "#0e0425",
  },
  "yellow": Object {
    "0": "#fefff0",
    "100": "#fcfedc",
    "200": "#fdfdbf",
    "300": "#fde48c",
    "400": "#fba746",
    "500": "#e14805",
    "600": "#961e03",
    "700": "#5f0e02",
    "800": "#3f0a04",
    "900": "#250704",
  },
}
`;

exports[`superpal many args (hsluv) 1`] = `
Object {
  "blue": Object {
    "0": "#f1f7ff",
    "100": "#e1ecfe",
    "200": "#cadbfd",
    "300": "#a2befd",
    "400": "#6596fb",
    "500": "#1668d0",
    "600": "#0b458e",
    "700": "#052d61",
    "800": "#082147",
    "900": "#081731",
  },
  "cyan": Object {
    "0": "#d8feff",
    "100": "#a5f9fe",
    "200": "#39f0fc",
    "300": "#27d0ed",
    "400": "#1da6c8",
    "500": "#11748d",
    "600": "#084d5f",
    "700": "#04333f",
    "800": "#06252e",
    "900": "#071a20",
  },
  "fuchsia": Object {
    "0": "#fff3fd",
    "100": "#fee3fc",
    "200": "#fdcafd",
    "300": "#e5a7fd",
    "400": "#c575fb",
    "500": "#a717e5",
    "600": "#710c9d",
    "700": "#4c066c",
    "800": "#37094e",
    "900": "#260936",
  },
  "gray": Object {
    "0": "#f6f6f7",
    "100": "#eaebed",
    "200": "#d9dadd",
    "300": "#bcbec4",
    "400": "#9499a2",
    "500": "#676b72",
    "600": "#44474c",
    "700": "#2d2e32",
    "800": "#202224",
    "900": "#171819",
  },
  "green": Object {
    "0": "#e1ffdd",
    "100": "#aefeae",
    "200": "#33fb48",
    "300": "#22db48",
    "400": "#19b03e",
    "500": "#0e7b29",
    "600": "#065319",
    "700": "#03370d",
    "800": "#05280b",
    "900": "#051c08",
  },
  "indigo": Object {
    "0": "#f7f5ff",
    "100": "#eae9fe",
    "200": "#d7d7fd",
    "300": "#b4b9fd",
    "400": "#7d91fb",
    "500": "#1b5bf9",
    "600": "#0d3cab",
    "700": "#062676",
    "800": "#091c55",
    "900": "#0a143b",
  },
  "lime": Object {
    "0": "#e4ffd2",
    "100": "#b9fe86",
    "200": "#91f233",
    "300": "#6bd621",
    "400": "#4aad19",
    "500": "#327a0e",
    "600": "#1f5106",
    "700": "#123603",
    "800": "#0d2705",
    "900": "#0a1c05",
  },
  "metadata": Object {
    "analogous30": Array [
      "indigo",
      "cyan",
    ],
    "analogous60": Array [
      "violet",
      "teal",
    ],
    "complementary": "orange",
    "input": "#60a5fa",
    "main": "blue",
  },
  "orange": Object {
    "0": "#fff5ec",
    "100": "#fee7d4",
    "200": "#fdd2af",
    "300": "#fdab76",
    "400": "#eb7a19",
    "500": "#a6540e",
    "600": "#713706",
    "700": "#4c2303",
    "800": "#381905",
    "900": "#281205",
  },
  "pink": Object {
    "0": "#fff4f7",
    "100": "#fee5ed",
    "200": "#fdcedd",
    "300": "#fda5bb",
    "400": "#fc6487",
    "500": "#d11055",
    "600": "#8e0738",
    "700": "#610324",
    "800": "#48051a",
    "900": "#330612",
  },
  "red": Object {
    "0": "#fff4f4",
    "100": "#fee5e5",
    "200": "#fdcfcd",
    "300": "#fda8a2",
    "400": "#fc6956",
    "500": "#c6350f",
    "600": "#872107",
    "700": "#5c1303",
    "800": "#440e05",
    "900": "#310b05",
  },
  "teal": Object {
    "0": "#dcffeb",
    "100": "#a1fece",
    "200": "#35f7a9",
    "300": "#23d88c",
    "400": "#1aae6c",
    "500": "#0f7a4a",
    "600": "#075230",
    "700": "#03361e",
    "800": "#052716",
    "900": "#061c0f",
  },
  "violet": Object {
    "0": "#faf4ff",
    "100": "#f1e7fe",
    "200": "#e4d3fd",
    "300": "#c5b4fd",
    "400": "#9789fb",
    "500": "#6849f9",
    "600": "#4311d2",
    "700": "#2c0891",
    "800": "#200c68",
    "900": "#170c47",
  },
  "yellow": Object {
    "0": "#f9ff6c",
    "100": "#ecf438",
    "200": "#e0e133",
    "300": "#d8be22",
    "400": "#c09119",
    "500": "#945f0e",
    "600": "#6a3b06",
    "700": "#4a2403",
    "800": "#371a05",
    "900": "#281205",
  },
}
`;
