// Jest Snapshot v1, https://goo.gl/fbAQLP

exports[`superpal (no args) 1`] = `
Object {
  "blue": Object {
    "100": "#cdeafe",
    "200": "#b3dafe",
    "300": "#8cc0fd",
    "400": "#5d9efb",
    "50": "#e1f4ff",
    "500": "#357af3",
    "600": "#1b61d9",
    "700": "#124eb5",
    "800": "#164391",
    "900": "#183974",
    "950": "#1a3666",
  },
  "cyan": Object {
    "100": "#91fbf7",
    "200": "#48eff0",
    "300": "#1fd5dc",
    "400": "#16b1c8",
    "50": "#c9fdfa",
    "500": "#108fb2",
    "600": "#0b7693",
    "700": "#076079",
    "800": "#0b5064",
    "900": "#0f4353",
    "950": "#133d4c",
  },
  "fuchsia": Object {
    "100": "#fadaf4",
    "200": "#f7c0ef",
    "300": "#f593ed",
    "400": "#d664f7",
    "50": "#fcebf9",
    "500": "#a841f6",
    "600": "#8f1fda",
    "700": "#7613b5",
    "800": "#621894",
    "900": "#4f1e76",
    "950": "#462365",
  },
  "gray": Object {
    "100": "#e9ebed",
    "200": "#d7dadf",
    "300": "#babfc6",
    "400": "#9399a2",
    "50": "#f6f6f7",
    "500": "#656b73",
    "600": "#42464d",
    "700": "#292c31",
    "800": "#1c1e21",
    "900": "#101113",
    "950": "#050607",
  },
  "green": Object {
    "100": "#b6fd95",
    "200": "#7bf653",
    "300": "#4ade4d",
    "400": "#3dbb4d",
    "50": "#d9fec9",
    "500": "#309943",
    "600": "#277e37",
    "700": "#1f672c",
    "800": "#215528",
    "900": "#1f4624",
    "950": "#204023",
  },
  "indigo": Object {
    "100": "#e7e1fe",
    "200": "#d1cffe",
    "300": "#afb4fd",
    "400": "#8892fc",
    "50": "#f3edff",
    "500": "#646df8",
    "600": "#4e4bee",
    "700": "#3f30d5",
    "800": "#3431a7",
    "900": "#2c2f82",
    "950": "#2a2e6f",
  },
  "lime": Object {
    "100": "#c3fc6e",
    "200": "#a5ef38",
    "300": "#83d62a",
    "400": "#60b72e",
    "50": "#e0fdbc",
    "500": "#43982e",
    "600": "#367d25",
    "700": "#2c661d",
    "800": "#29541f",
    "900": "#25461e",
    "950": "#24401e",
  },
  "metadata": Object {
    "analogous30": Array [
      "indigo",
      "cyan",
    ],
    "analogous60": Array [
      "violet",
      "teal",
    ],
    "complementary": "orange",
    "input": "#60a5fa",
    "main": "blue",
  },
  "orange": Object {
    "100": "#fee1b6",
    "200": "#fecb85",
    "300": "#faa833",
    "400": "#e08418",
    "50": "#ffeed7",
    "500": "#c3640d",
    "600": "#a25107",
    "700": "#854205",
    "800": "#6f3708",
    "900": "#5b2f0d",
    "950": "#522d12",
  },
  "pink": Object {
    "100": "#fedae8",
    "200": "#fdc1d8",
    "300": "#fd97bf",
    "400": "#fb5d94",
    "50": "#feebf2",
    "500": "#e72164",
    "600": "#c11351",
    "700": "#a00b41",
    "800": "#841137",
    "900": "#6b172f",
    "950": "#5f1d2d",
  },
  "red": Object {
    "100": "#fedcdc",
    "200": "#fec4c2",
    "300": "#fd9e96",
    "400": "#f9695f",
    "50": "#ffecec",
    "500": "#e6332e",
    "600": "#c12422",
    "700": "#9f1b19",
    "800": "#811f1b",
    "900": "#69201b",
    "950": "#5d221d",
  },
  "teal": Object {
    "100": "#9bfecd",
    "200": "#43f7ae",
    "300": "#2adc97",
    "400": "#26ba7a",
    "50": "#cdffe4",
    "500": "#22985f",
    "600": "#1b7e4d",
    "700": "#15673e",
    "800": "#185535",
    "900": "#19472d",
    "950": "#1a412b",
  },
  "violet": Object {
    "100": "#f2dcfd",
    "200": "#e6c6fc",
    "300": "#d2a5fd",
    "400": "#b07ffd",
    "50": "#f8ecfe",
    "500": "#895af9",
    "600": "#772def",
    "700": "#621dca",
    "800": "#5021a3",
    "900": "#412480",
    "950": "#3b276d",
  },
  "yellow": Object {
    "100": "#ebef5c",
    "200": "#dadf2a",
    "300": "#c0c516",
    "400": "#b29f12",
    "50": "#f4f89c",
    "500": "#a4790d",
    "600": "#905f08",
    "700": "#7b4905",
    "800": "#693b08",
    "900": "#59310d",
    "950": "#502e11",
  },
}
`;

exports[`superpal many args (hsl) 1`] = `
Object {
  "blue": Object {
    "100": "#d2f1fe",
    "200": "#b5defd",
    "300": "#87befc",
    "400": "#5095fb",
    "50": "#e6fafe",
    "500": "#1967fa",
    "600": "#0551e1",
    "700": "#0443b9",
    "800": "#093995",
    "900": "#0e3277",
    "950": "#133068",
  },
  "cyan": Object {
    "100": "#d2fefb",
    "200": "#b5fdfb",
    "300": "#87f8fc",
    "400": "#50d2fb",
    "50": "#e6fefd",
    "500": "#1995fa",
    "600": "#057ee1",
    "700": "#0467b9",
    "800": "#095695",
    "900": "#0e4877",
    "950": "#134168",
  },
  "fuchsia": Object {
    "100": "#fed2f9",
    "200": "#fdb5f7",
    "300": "#fc87f6",
    "400": "#e350fb",
    "50": "#fee6fc",
    "500": "#ac19fa",
    "600": "#9405e1",
    "700": "#7a04b9",
    "800": "#640995",
    "900": "#520e77",
    "950": "#4a1368",
  },
  "gray": Object {
    "100": "#ecedef",
    "200": "#dbdde1",
    "300": "#c0c3c9",
    "400": "#999ea8",
    "50": "#f7f7f8",
    "500": "#69707c",
    "600": "#464a53",
    "700": "#2c2f34",
    "800": "#1f2024",
    "900": "#131416",
    "950": "#0a0a0b",
  },
  "green": Object {
    "100": "#d6fed2",
    "200": "#b7fdb5",
    "300": "#87fc8c",
    "400": "#50fb5c",
    "50": "#e8fee6",
    "500": "#19fa2d",
    "600": "#05e118",
    "700": "#04b914",
    "800": "#099515",
    "900": "#0e7717",
    "950": "#13681a",
  },
  "indigo": Object {
    "100": "#e0d2fe",
    "200": "#c2b5fd",
    "300": "#8f87fc",
    "400": "#5450fb",
    "50": "#f1e6fe",
    "500": "#191cfa",
    "600": "#0507e1",
    "700": "#0406b9",
    "800": "#090a95",
    "900": "#0e0f77",
    "950": "#131468",
  },
  "lime": Object {
    "100": "#eafed2",
    "200": "#dafdb5",
    "300": "#bdfc87",
    "400": "#94fb50",
    "50": "#f3fee6",
    "500": "#66fa19",
    "600": "#4fe105",
    "700": "#41b904",
    "800": "#389509",
    "900": "#31770e",
    "950": "#306813",
  },
  "metadata": Object {
    "analogous30": Array [
      "indigo",
      "cyan",
    ],
    "analogous60": Array [
      "violet",
      "teal",
    ],
    "complementary": "orange",
    "input": "#60a5fa",
    "main": "blue",
  },
  "orange": Object {
    "100": "#feefd2",
    "200": "#fde2b5",
    "300": "#fcc987",
    "400": "#fb9850",
    "50": "#fef6e6",
    "500": "#fa5919",
    "600": "#e14305",
    "700": "#b93704",
    "800": "#953109",
    "900": "#772c0e",
    "950": "#682b13",
  },
  "pink": Object {
    "100": "#fed2e7",
    "200": "#fdb5d7",
    "300": "#fc87bc",
    "400": "#fb508a",
    "50": "#fee6f2",
    "500": "#fa194b",
    "600": "#e10535",
    "700": "#b9042c",
    "800": "#950928",
    "900": "#770e25",
    "950": "#681325",
  },
  "red": Object {
    "100": "#fed2d6",
    "200": "#fdb5b8",
    "300": "#fc8c87",
    "400": "#fb5b50",
    "50": "#fee6e8",
    "500": "#fa2b19",
    "600": "#e11605",
    "700": "#b91204",
    "800": "#951409",
    "900": "#77160e",
    "950": "#681913",
  },
  "teal": Object {
    "100": "#d2feeb",
    "200": "#b5fddd",
    "300": "#87fcc8",
    "400": "#50fba9",
    "50": "#e6fef4",
    "500": "#19fa85",
    "600": "#05e16e",
    "700": "#04b95b",
    "800": "#09954c",
    "900": "#0e7740",
    "950": "#13683b",
  },
  "violet": Object {
    "100": "#f0d2fe",
    "200": "#e2b5fd",
    "300": "#c987fc",
    "400": "#9a50fb",
    "50": "#f7e6fe",
    "500": "#5e19fa",
    "600": "#4805e1",
    "700": "#3b04b9",
    "800": "#340995",
    "900": "#2e0e77",
    "950": "#2d1368",
  },
  "yellow": Object {
    "100": "#fcfed2",
    "200": "#fafdb5",
    "300": "#f7fc87",
    "400": "#fbe350",
    "50": "#fefee6",
    "500": "#fa9a19",
    "600": "#e15c05",
    "700": "#b93604",
    "800": "#952609",
    "900": "#771f0e",
    "950": "#681f13",
  },
}
`;

exports[`superpal many args (hsluv) 1`] = `
Object {
  "blue": Object {
    "100": "#cfe9fe",
    "200": "#b7d8fd",
    "300": "#92befd",
    "400": "#619efc",
    "50": "#e2f3fe",
    "500": "#1c7efa",
    "600": "#1668d0",
    "700": "#1055ac",
    "800": "#1a478d",
    "900": "#1f3c72",
    "950": "#233864",
  },
  "cyan": Object {
    "100": "#3cfdfc",
    "200": "#37eaed",
    "300": "#25cfd6",
    "400": "#1eadc0",
    "50": "#b2fefe",
    "500": "#178caa",
    "600": "#11748d",
    "700": "#0c5f74",
    "800": "#154f60",
    "900": "#1a4250",
    "950": "#1f3d48",
  },
  "fuchsia": Object {
    "100": "#fedbf9",
    "200": "#fdc2f6",
    "300": "#fd98f6",
    "400": "#e56afc",
    "50": "#feebfb",
    "500": "#bb47fa",
    "600": "#a717e5",
    "700": "#8a11be",
    "800": "#711c9b",
    "900": "#5b207c",
    "950": "#51246c",
  },
  "gray": Object {
    "100": "#eaebed",
    "200": "#d9dadd",
    "300": "#bcbec4",
    "400": "#9499a2",
    "50": "#f6f6f7",
    "500": "#676b72",
    "600": "#44474c",
    "700": "#2d2e32",
    "800": "#202224",
    "900": "#171819",
    "950": "#0e0e0f",
  },
  "green": Object {
    "100": "#97fe6f",
    "200": "#63f131",
    "300": "#21d927",
    "400": "#1ab636",
    "50": "#ccfebe",
    "500": "#139533",
    "600": "#0e7b29",
    "700": "#0a6520",
    "800": "#12551f",
    "900": "#17471f",
    "950": "#1b4121",
  },
  "indigo": Object {
    "100": "#ece0fe",
    "200": "#d9cefd",
    "300": "#b8b4fd",
    "400": "#8e94fc",
    "50": "#f7edfe",
    "500": "#5776fa",
    "600": "#1b5bf9",
    "700": "#134acf",
    "800": "#1d3fa8",
    "900": "#213786",
    "950": "#253474",
  },
  "lime": Object {
    "100": "#b2fb36",
    "200": "#9ee931",
    "300": "#7fd021",
    "400": "#5db11a",
    "50": "#d3fea5",
    "500": "#3d9313",
    "600": "#327a0e",
    "700": "#276409",
    "800": "#245312",
    "900": "#224617",
    "950": "#23401b",
  },
  "metadata": Object {
    "analogous30": Array [
      "indigo",
      "cyan",
    ],
    "analogous60": Array [
      "violet",
      "teal",
    ],
    "complementary": "orange",
    "input": "#60a5fa",
    "main": "blue",
  },
  "orange": Object {
    "100": "#fee1c0",
    "200": "#fdcc90",
    "300": "#fbac21",
    "400": "#e2891a",
    "50": "#feeede",
    "500": "#c86614",
    "600": "#a6540e",
    "700": "#89440a",
    "800": "#723a12",
    "900": "#5e3217",
    "950": "#55301b",
  },
  "pink": Object {
    "100": "#fedde9",
    "200": "#fdc5da",
    "300": "#fda0c3",
    "400": "#fc6d9d",
    "50": "#feecf2",
    "500": "#fa1668",
    "600": "#d11055",
    "700": "#ad0b45",
    "800": "#8f143b",
    "900": "#761933",
    "950": "#691d30",
  },
  "red": Object {
    "100": "#fedee0",
    "200": "#fdc7ca",
    "300": "#fda4a1",
    "400": "#fd7368",
    "50": "#feedee",
    "500": "#ee4114",
    "600": "#c6350f",
    "700": "#a42a0a",
    "800": "#882613",
    "900": "#702317",
    "950": "#65241c",
  },
  "teal": Object {
    "100": "#78fec0",
    "200": "#34f0a7",
    "300": "#23d591",
    "400": "#1bb475",
    "50": "#c1fede",
    "500": "#14945b",
    "600": "#0f7a4a",
    "700": "#0a643c",
    "800": "#135434",
    "900": "#18462d",
    "950": "#1c402c",
  },
  "violet": Object {
    "100": "#f2dffe",
    "200": "#e6cafd",
    "300": "#d3abfd",
    "400": "#b089fc",
    "50": "#f7edfe",
    "500": "#7f6bfa",
    "600": "#6849f9",
    "700": "#5320f6",
    "800": "#4621ca",
    "900": "#3c259d",
    "950": "#382886",
  },
  "yellow": Object {
    "100": "#e9ee36",
    "200": "#d7dc32",
    "300": "#bcc321",
    "400": "#aea01a",
    "50": "#f4f93a",
    "500": "#a07c13",
    "600": "#8f620e",
    "700": "#7c4d0a",
    "800": "#6a3f12",
    "900": "#5a3517",
    "950": "#52311b",
  },
}
`;
